// Jest Snapshot v1, https://goo.gl/fbAQLP

exports[`radio group demo demo should render correctly 1`] = `
Object {
  "attrs": Array [],
  "children": Array [
    Object {
      "attrs": Array [
        Object {
          "name": "class",
          "value": "radio-group",
        },
        Object {
          "name": "value",
          "value": "",
        },
      ],
      "children": Array [],
      "event": Object {
        "change": Object {
          "handler": "onChange",
          "id": 1,
          "isCapture": false,
          "isCatch": false,
          "isMutated": false,
          "name": "change",
        },
      },
      "tagName": "t-radio-group",
    },
  ],
  "event": Object {},
  "tagName": "main",
}
`;
