// Jest Snapshot v1, https://goo.gl/fbAQLP

exports[`radio comp should render correctly 1`] = `
Object {
  "attrs": Array [],
  "children": Array [
    Object {
      "attrs": Array [
        Object {
          "name": "class",
          "value": "t-radio ",
        },
      ],
      "children": Array [
        Object {
          "attrs": Array [],
          "children": Array [
            Object {
              "attrs": Array [
                Object {
                  "name": "class",
                  "value": "t-cell t-cell--bordered",
                },
              ],
              "children": Array [
                Object {
                  "attrs": Array [
                    Object {
                      "name": "class",
                      "value": "t-radio__button ",
                    },
                    Object {
                      "name": "slot",
                      "value": "left-icon",
                    },
                  ],
                  "children": Array [],
                  "event": Object {},
                  "tagName": "wx-view",
                },
                Object {
                  "attrs": Array [
                    Object {
                      "name": "class",
                      "value": "t-cell__title",
                    },
                  ],
                  "children": Array [],
                  "event": Object {},
                  "tagName": "wx-view",
                },
                Object {
                  "attrs": Array [
                    Object {
                      "name": "class",
                      "value": "t-cell__value",
                    },
                  ],
                  "children": Array [],
                  "event": Object {},
                  "tagName": "wx-view",
                },
              ],
              "event": Object {
                "tap": Object {
                  "handler": "onTap",
                  "id": 2,
                  "isCapture": false,
                  "isCatch": false,
                  "isMutated": false,
                  "name": "tap",
                },
              },
              "tagName": "wx-view",
            },
          ],
          "event": Object {
            "click": Object {
              "handler": "onChange",
              "id": 1,
              "isCapture": false,
              "isCatch": false,
              "isMutated": false,
              "name": "click",
            },
          },
          "tagName": "t-cell",
        },
      ],
      "event": Object {},
      "tagName": "wx-view",
    },
  ],
  "event": Object {},
  "tagName": "main",
}
`;
